makeotfexe [WARNING] unhinted <.notdef>
makeotfexe [WARNING] unhinted <a>
makeotfexe [WARNING] unhinted <b>
makeotfexe [WARNING] FontMenuNameDB file was not specified or not found. [SourceSerifPro-Regular]
