 argument  1 = aiida.in
                                         
                                         


              Northwest Computational Chemistry Package (NWChem) 6.3
              ------------------------------------------------------


                    Environmental Molecular Sciences Laboratory
                       Pacific Northwest National Laboratory
                                Richland, WA 99352

                              Copyright (c) 1994-2012
                       Pacific Northwest National Laboratory
                            Battelle Memorial Institute

             NWChem is an open-source computational chemistry package
                        distributed under the terms of the
                      Educational Community License (ECL) 2.0
             A copy of the license is included with this distribution
                              in the LICENSE.TXT file

                                  ACKNOWLEDGMENT
                                  --------------

            This software and its documentation were developed at the
            EMSL at Pacific Northwest National Laboratory, a multiprogram
            national laboratory, operated for the U.S. Department of Energy
            by Battelle under Contract Number DE-AC05-76RL01830. Support
            for this work was provided by the Department of Energy Office
            of Biological and Environmental Research, Office of Basic
            Energy Sciences, and the Office of Advanced Scientific Computing.


           Job information
           ---------------

    hostname        = theospc11
    program         = /usr/bin/nwchem
    date            = Thu Apr  2 09:29:53 2015

    compiled        = Sun_Dec_22_04:02:59_2013
    source          = /build/buildd/nwchem-6.3+r1
    nwchem branch   = 6.3
    nwchem revision = 24277
    ga revision     = 10379
    input           = aiida.in
    prefix          = aiida.
    data base       = ./aiida.db
    status          = startup
    nproc           =        6
    time left       =     -1s



           Memory information
           ------------------

    heap     =   13107201 doubles =    100.0 Mbytes
    stack    =   13107201 doubles =    100.0 Mbytes
    global   =   26214400 doubles =    200.0 Mbytes (distinct from heap & stack)
    total    =   52428802 doubles =    400.0 Mbytes
    verify   = yes
    hardfail = no 


           Directory information
           ---------------------

  0 permanent = .
  0 scratch   = .




                                NWChem Input Module
                                -------------------



 Scaling coordinates for geometry "geometry" by  1.889725989
 (inverse scale =  0.529177249)

 C2V symmetry detected

          ------
          auto-z
          ------
     1 autoz failed with cvr_scaling = 1.2 changing to 1.3
     2 autoz failed with cvr_scaling = 1.3 changing to 1.4
     3 autoz failed with cvr_scaling = 1.4 changing to 1.5
     4 autoz failed with cvr_scaling = 1.5 changing to 1.6
     5 autoz failed with cvr_scaling = 1.6 changing to 1.7

 AUTOZ failed to generate good internal coordinates.
 Cartesian coordinates will be used in optimizations.



                             Geometry "geometry" -> ""
                             -------------------------

 Output coordinates in angstroms (scale by  1.889725989 to convert to a.u.)

  No.       Tag          Charge          X              Y              Z
 ---- ---------------- ---------- -------------- -------------- --------------
    1 O                    8.0000     0.00000000     0.00000000     0.22143053
    2 H                    1.0000    -1.43042809     0.00000000    -0.88572213
    3 H                    1.0000     1.43042809     0.00000000    -0.88572213

      Atomic Mass 
      ----------- 

      O                 15.994910
      H                  1.007825


 Effective nuclear repulsion energy (a.u.)       4.8657747133

            Nuclear Dipole moment (a.u.) 
            ----------------------------
        X                 Y               Z
 ---------------- ---------------- ----------------
     0.0000000000     0.0000000000     0.0000000000

      Symmetry information
      --------------------

 Group name             C2v       
 Group number             16
 Group order               4
 No. of unique centers     2

      Symmetry unique atoms

     1    2


            XYZ format geometry
            -------------------
     3
 geometry
 O                     0.00000000     0.00000000     0.22143053
 H                    -1.43042809     0.00000000    -0.88572213
 H                     1.43042809     0.00000000    -0.88572213

                                        scf
                                        ---
                      Basis "ao basis" -> "" (cartesian)
                      -----
  H (Hydrogen)
  ------------
            Exponent  Coefficients 
       -------------- ---------------------------------------------------------
  1 S  1.87311370E+01  0.033495
  1 S  2.82539370E+00  0.234727
  1 S  6.40121700E-01  0.813757

  2 S  1.61277800E-01  1.000000

  O (Oxygen)
  ----------
            Exponent  Coefficients 
       -------------- ---------------------------------------------------------
  1 S  5.48467170E+03  0.001831
  1 S  8.25234950E+02  0.013950
  1 S  1.88046960E+02  0.068445
  1 S  5.29645000E+01  0.232714
  1 S  1.68975700E+01  0.470193
  1 S  5.79963530E+00  0.358521

  2 S  1.55396160E+01 -0.110778
  2 S  3.59993360E+00 -0.148026
  2 S  1.01376180E+00  1.130767

  3 P  1.55396160E+01  0.070874
  3 P  3.59993360E+00  0.339753
  3 P  1.01376180E+00  0.727159

  4 S  2.70005800E-01  1.000000

  5 P  2.70005800E-01  1.000000



 Summary of "ao basis" -> "" (cartesian)
 ------------------------------------------------------------------------------
       Tag                 Description            Shells   Functions and Types
 ---------------- ------------------------------  ------  ---------------------
 H                           6-31g                   2        2   2s
 O                           6-31g                   5        9   3s2p


                                 NWChem SCF Module
                                 -----------------


                                        scf



  ao basis        = "ao basis"
  functions       =    13
  atoms           =     3
  closed shells   =     5
  open shells     =     0
  charge          =   0.00
  wavefunction    = RHF 
  input vectors   = atomic
  output vectors  = ./aiida.movecs
  use symmetry    = T
  symmetry adapt  = T


 Summary of "ao basis" -> "ao basis" (cartesian)
 ------------------------------------------------------------------------------
       Tag                 Description            Shells   Functions and Types
 ---------------- ------------------------------  ------  ---------------------
 H                           6-31g                   2        2   2s
 O                           6-31g                   5        9   3s2p


      Symmetry analysis of basis
      --------------------------

        a1          7
        a2          0
        b1          4
        b2          2


 Forming initial guess at       1.1s


      Superposition of Atomic Density Guess
      -------------------------------------

 Sum of atomic energies:         -75.75081731

      Non-variational initial energy
      ------------------------------

 Total energy =     -75.035019
 1-e energy   =    -113.905371
 2-e energy   =      34.004578
 HOMO         =      -0.374371
 LUMO         =      -0.130112


      Symmetry analysis of molecular orbitals - initial
      -------------------------------------------------

  Numbering of irreducible representations: 

     1 a1          2 a2          3 b1          4 b2      

  Orbital symmetries:

     1 a1          2 a1          3 b1          4 a1          5 b2      
     6 a1          7 b1          8 a1          9 b1         10 b2      
    11 a1         12 b1         13 a1      


 Starting SCF solution at       1.1s



 ----------------------------------------------
         Quadratically convergent ROHF

 Convergence threshold     :          1.000E-04
 Maximum no. of iterations :           30
 Final Fock-matrix accuracy:          1.000E-07
 ----------------------------------------------


 #quartets = 6.670D+02 #integrals = 1.513D+03 #direct =  0.0% #cached =100.0%


 Integral file          = ./aiida.aoints.0
 Record size in doubles =  65536        No. of integs per rec  =  43688
 Max. records in memory =      2        Max. records in file   =  30692
 No. of bits per label  =      8        No. of bits per value  =     64


File balance: exchanges=     0  moved=     0  time=   0.0


              iter       energy          gnorm     gmax       time
             ----- ------------------- --------- --------- --------
                 1      -75.4319594730  1.46D+00  7.35D-01      0.1
                 2      -75.5778460243  4.66D-01  2.91D-01      0.1
                 3      -75.6072894124  5.66D-01  3.81D-01      0.1
                 4      -75.6289763293  9.52D-02  6.15D-02      0.1
                 5      -75.6297290947  3.73D-03  2.53D-03      0.1
                 6      -75.6297485627  5.36D-05  3.41D-05      0.1


       Final RHF  results 
       ------------------ 

         Total SCF energy =    -75.629748562716
      One-electron energy =   -114.466874711598
      Two-electron energy =     33.971351435594
 Nuclear repulsion energy =      4.865774713288

        Time for solution =      0.0s



       Symmetry analysis of molecular orbitals - final
       -----------------------------------------------

  Numbering of irreducible representations: 

     1 a1          2 a2          3 b1          4 b2      

  Orbital symmetries:

     1 a1          2 a1          3 b2          4 b1          5 a1      
     6 a1          7 b1          8 a1          9 b1         10 b2      
    11 a1         12 b1         13 a1      

             Final eigenvalues
             -----------------

              1      
    1  -20.6696
    2   -1.2014
    3   -0.5083
    4   -0.4476
    5   -0.4351
    6   -0.0069
    7    0.0320
    8    0.9371
    9    1.0089
   10    1.1573
   11    1.2298
   12    1.2905
   13    1.3862

                       ROHF Final Molecular Orbital Analysis
                       -------------------------------------

 Vector    2  Occ=2.000000D+00  E=-1.201417D+00  Symmetry=a1
              MO Center= -5.2D-16, -1.2D-17,  2.0D-01, r^2= 4.9D-01
   Bfn.  Coefficient  Atom+Function         Bfn.  Coefficient  Atom+Function  
  ----- ------------  ---------------      ----- ------------  ---------------
     6      0.539805  1 O  s                  2      0.535532  1 O  s          
     1     -0.229969  1 O  s          

 Vector    3  Occ=2.000000D+00  E=-5.083497D-01  Symmetry=b2
              MO Center= -2.1D-30,  1.3D-17,  2.2D-01, r^2= 5.6D-01
   Bfn.  Coefficient  Atom+Function         Bfn.  Coefficient  Atom+Function  
  ----- ------------  ---------------      ----- ------------  ---------------
     4      0.677513  1 O  py                 8      0.470417  1 O  py         

 Vector    4  Occ=2.000000D+00  E=-4.476336D-01  Symmetry=b1
              MO Center=  1.7D-16, -1.6D-30, -2.2D-01, r^2= 1.8D+00
   Bfn.  Coefficient  Atom+Function         Bfn.  Coefficient  Atom+Function  
  ----- ------------  ---------------      ----- ------------  ---------------
     3      0.443431  1 O  px                 7      0.355098  1 O  px         
    11     -0.285117  2 H  s                 13      0.285117  3 H  s          
    10     -0.161896  2 H  s                 12      0.161896  3 H  s          

 Vector    5  Occ=2.000000D+00  E=-4.351282D-01  Symmetry=a1
              MO Center= -1.6D-14,  2.0D-18, -1.8D-01, r^2= 1.7D+00
   Bfn.  Coefficient  Atom+Function         Bfn.  Coefficient  Atom+Function  
  ----- ------------  ---------------      ----- ------------  ---------------
     5      0.471244  1 O  pz                 9      0.377593  1 O  pz         
    11     -0.272598  2 H  s                 13     -0.272598  3 H  s          

 Vector    6  Occ=0.000000D+00  E=-6.922351D-03  Symmetry=a1
              MO Center= -3.9D-14, -3.6D-18, -5.0D-01, r^2= 2.7D+00
   Bfn.  Coefficient  Atom+Function         Bfn.  Coefficient  Atom+Function  
  ----- ------------  ---------------      ----- ------------  ---------------
    11      0.503157  2 H  s                 13      0.503157  3 H  s          
     9      0.422808  1 O  pz                 5      0.406381  1 O  pz         
     6     -0.217048  1 O  s                 10      0.174123  2 H  s          
    12      0.174123  3 H  s          

 Vector    7  Occ=0.000000D+00  E= 3.200622D-02  Symmetry=b1
              MO Center=  5.6D-14,  1.8D-30, -4.9D-01, r^2= 2.6D+00
   Bfn.  Coefficient  Atom+Function         Bfn.  Coefficient  Atom+Function  
  ----- ------------  ---------------      ----- ------------  ---------------
    11      0.522452  2 H  s                 13     -0.522452  3 H  s          
     7      0.475567  1 O  px                 3      0.435884  1 O  px         
    10      0.181795  2 H  s                 12     -0.181795  3 H  s          

 Vector    8  Occ=0.000000D+00  E= 9.371140D-01  Symmetry=a1
              MO Center=  5.3D-16, -5.0D-18, -8.7D-01, r^2= 3.4D+00
   Bfn.  Coefficient  Atom+Function         Bfn.  Coefficient  Atom+Function  
  ----- ------------  ---------------      ----- ------------  ---------------
    10      0.887337  2 H  s                 12      0.887337  3 H  s          
    11     -0.823328  2 H  s                 13     -0.823328  3 H  s          
     9     -0.324506  1 O  pz                 6      0.219466  1 O  s          
     5      0.204385  1 O  pz         

 Vector    9  Occ=0.000000D+00  E= 1.008908D+00  Symmetry=b1
              MO Center=  0.0D+00, -3.1D-33, -9.6D-01, r^2= 3.6D+00
   Bfn.  Coefficient  Atom+Function         Bfn.  Coefficient  Atom+Function  
  ----- ------------  ---------------      ----- ------------  ---------------
    11     -0.942319  2 H  s                 13      0.942319  3 H  s          
    10      0.913022  2 H  s                 12     -0.913022  3 H  s          
     7     -0.400455  1 O  px                 3      0.192491  1 O  px         

 Vector   10  Occ=0.000000D+00  E= 1.157288D+00  Symmetry=b2
              MO Center= -2.9D-31, -2.9D-16,  2.2D-01, r^2= 1.2D+00
   Bfn.  Coefficient  Atom+Function         Bfn.  Coefficient  Atom+Function  
  ----- ------------  ---------------      ----- ------------  ---------------
     8      1.055819  1 O  py                 4     -0.936495  1 O  py         

 Vector   11  Occ=0.000000D+00  E= 1.229833D+00  Symmetry=a1
              MO Center= -1.5D-17,  2.4D-16,  4.8D-01, r^2= 1.2D+00
   Bfn.  Coefficient  Atom+Function         Bfn.  Coefficient  Atom+Function  
  ----- ------------  ---------------      ----- ------------  ---------------
     9     -0.950837  1 O  pz                 5      0.894392  1 O  pz         
     6     -0.512074  1 O  s                  2      0.488356  1 O  s          
    10     -0.226866  2 H  s                 12     -0.226866  3 H  s          

 Vector   12  Occ=0.000000D+00  E= 1.290497D+00  Symmetry=b1
              MO Center= -8.2D-17, -3.6D-31,  2.3D-01, r^2= 1.2D+00
   Bfn.  Coefficient  Atom+Function         Bfn.  Coefficient  Atom+Function  
  ----- ------------  ---------------      ----- ------------  ---------------
     7      1.104672  1 O  px                 3     -0.975201  1 O  px         
    10      0.203211  2 H  s                 12     -0.203211  3 H  s          

 Vector   13  Occ=0.000000D+00  E= 1.386242D+00  Symmetry=a1
              MO Center=  1.2D-16,  5.9D-17, -1.6D-01, r^2= 1.2D+00
   Bfn.  Coefficient  Atom+Function         Bfn.  Coefficient  Atom+Function  
  ----- ------------  ---------------      ----- ------------  ---------------
     6     -1.566820  1 O  s                  2      1.447201  1 O  s          
     9      0.472482  1 O  pz                 5     -0.359155  1 O  pz         
    11      0.308193  2 H  s                 13      0.308193  3 H  s          


 center of mass
 --------------
 x =   0.00000000 y =   0.00000000 z =   0.18429298

 moments of inertia (a.u.)
 ------------------
           7.835782890216           0.000000000000           0.000000000000
           0.000000000000          22.563819478415           0.000000000000
           0.000000000000           0.000000000000          14.728036588199

  Mulliken analysis of the total density
  --------------------------------------

    Atom       Charge   Shell Charges
 -----------   ------   -------------------------------------------------------
    1 O    8     8.39   2.00  0.99  2.48  1.00  1.93
    2 H    1     0.80   0.25  0.55
    3 H    1     0.80   0.25  0.55

       Multipole analysis of the density wrt the origin
       ------------------------------------------------

     L   x y z        total         open         nuclear
     -   - - -        -----         ----         -------
     0   0 0 0     -0.000000      0.000000     10.000000

     1   1 0 0      0.000000      0.000000      0.000000
     1   0 1 0     -0.000000      0.000000      0.000000
     1   0 0 1     -0.902077      0.000000      0.000000

     2   2 0 0     -1.916926      0.000000     14.613685
     2   1 1 0      0.000000      0.000000      0.000000
     2   1 0 1     -0.000000      0.000000      0.000000
     2   0 2 0     -6.269965      0.000000      0.000000
     2   0 1 1     -0.000000      0.000000      0.000000
     2   0 0 2     -4.340400      0.000000      7.003783


 Parallel integral file used       6 records with       0 large values


 Task  times  cpu:        0.1s     wall:        0.1s


                                NWChem Input Module
                                -------------------


 Summary of allocated global arrays
-----------------------------------
  No active global arrays



                         GA Statistics for process    0
                         ------------------------------

       create   destroy   get      put      acc     scatter   gather  read&inc
calls:  404      404     1404      722     1104        0        0       82     
number of processes/call 1.44e+00 1.29e+00 1.27e+00 0.00e+00 0.00e+00
bytes total:             5.77e+05 3.62e+05 1.41e+05 0.00e+00 0.00e+00 6.56e+02
bytes remote:            7.26e+04 2.28e+04 4.40e+04 0.00e+00 0.00e+00 0.00e+00
Max memory consumed for GA by this process: 12536 bytes

MA_summarize_allocated_blocks: starting scan ...
MA_summarize_allocated_blocks: scan completed: 0 heap blocks, 0 stack blocks
MA usage statistics:

	allocation statistics:
					      heap	     stack
					      ----	     -----
	current number of blocks	         0	         0
	maximum number of blocks	        18	        14
	current total bytes		         0	         0
	maximum total bytes		   1057144	  22509192
	maximum total K-bytes		      1058	     22510
	maximum total M-bytes		         2	        23


                                     CITATION
                                     --------
                Please cite the following reference when publishing
                           results obtained with NWChem:

                 M. Valiev, E.J. Bylaska, N. Govind, K. Kowalski,
              T.P. Straatsma, H.J.J. van Dam, D. Wang, J. Nieplocha,
                        E. Apra, T.L. Windus, W.A. de Jong
                 "NWChem: a comprehensive and scalable open-source
                  solution for large scale molecular simulations"
                      Comput. Phys. Commun. 181, 1477 (2010)
                           doi:10.1016/j.cpc.2010.04.018

                              AUTHORS & CONTRIBUTORS
                              ----------------------
          E. Apra, E. J. Bylaska, W. A. de Jong, N. Govind, K. Kowalski,
       T. P. Straatsma, M. Valiev, H. J. J. van Dam, D. Wang, T. L. Windus,
        J. Hammond, J. Autschbach, K. Bhaskaran-Nair, J. Brabec, K. Lopata,
     F. Aquino, S. Hirata, M. T. Hackler, J. Mullin, P. Nichols, R. Peverati,
    J. Pittner, Y. Zhao, P.-D. Fan, R. J. Harrison, M. Dupuis, D. Silverstein,
    D. M. A. Smith, J. Nieplocha, V. Tipparaju, M. Krishnan, B. E. Van Kuiken,
        A. Vazquez-Mayagoitia, L. Jensen, M. Swart, Q. Wu, T. Van Voorhis,
     A. A. Auer, M. Nooijen, L. D. Crosby, E. Brown, G. Cisneros, G. I. Fann,
     H. Fruchtl, J. Garza, K. Hirao, R. Kendall, J. A. Nichols, K. Tsemekhman,
      K. Wolinski, J. Anchell, D. Bernholdt, P. Borowski, T. Clark, D. Clerc,
      H. Dachsel, M. Deegan, K. Dyall, D. Elwood, E. Glendening, M. Gutowski,
      A. Hess, J. Jaffe, B. Johnson, J. Ju, R. Kobayashi, R. Kutteh, Z. Lin,
   R. Littlefield, X. Long, B. Meng, T. Nakajima, S. Niu, L. Pollack, M. Rosing,
   K. Glaesemann, G. Sandrone, M. Stave, H. Taylor, G. Thomas, J. H. van Lenthe,
                                A. Wong, Z. Zhang.

 Total times  cpu:        0.1s     wall:        1.2s
